<?xml version="1.0" encoding="UTF-8"?>
<TestRun id="b0a9691c-6bb2-44f7-bf07-ac1051398de0" name="GAG@GAG-PC 2012-07-01 22:32:29" runUser="GAG-PC\GAG" xmlns="http://microsoft.com/schemas/VisualStudio/TeamTest/2010">
  <TestSettings name="Local" id="9e31ffdc-08ce-4399-8c6e-782a089cc61a">
    <Description>These are default test settings for a local test run.</Description>
    <Deployment enabled="false" runDeploymentRoot="GAG_GAG-PC 2012-07-01 22_32_29">
      <DeploymentItem filename="D:\Gustavo\Dropbox\z.Trabalhos\5. Fundação Iolanda Pasca (FIP)\FIP_RC_Desing\Ultilitarios\bin\Debug\Ultilitarios.dll" />
      <DeploymentItem filename="D:\Gustavo\Dropbox\z.Trabalhos\5. Fundação Iolanda Pasca (FIP)\FIP_RC_Desing\DataAcess\bin\Debug\DataAcess.dll" />
    </Deployment>
    <Execution>
      <TestTypeSpecific />
      <AgentRule name="Execution Agents">
      </AgentRule>
    </Execution>
  </TestSettings>
  <Times creation="2012-07-01T22:32:29.8648297-03:00" queuing="2012-07-01T22:32:45.9496628-03:00" start="2012-07-01T22:32:48.0637723-03:00" finish="2012-07-01T22:33:49.2669425-03:00" />
  <ResultSummary outcome="Failed">
    <Counters total="1" executed="1" error="0" failed="1" timeout="0" aborted="0" inconclusive="0" passedButRunAborted="0" notRunnable="0" notExecuted="0" disconnected="0" warning="0" passed="0" completed="0" inProgress="0" pending="0" />
  </ResultSummary>
  <TestDefinitions>
    <UnitTest name="AgruparPorEstado_Test" storage="d:\gustavo\dropbox\z.trabalhos\5. fundação iolanda pasca (fip)\fip_rc_desing\projetodeteste\bin\debug\projetodeteste.dll" id="ad8c38fc-9872-0ea3-99be-3747c9fafaad">
      <Execution id="03c61991-c598-4882-972a-89afb7aede00" />
      <TestMethod codeBase="D:/Gustavo/Dropbox/z.Trabalhos/5. Fundação Iolanda Pasca (FIP)/FIP_RC_Desing/ProjetoDeTeste/bin/Debug/ProjetoDeTeste.DLL" adapterTypeName="Microsoft.VisualStudio.TestTools.TestTypes.Unit.UnitTestAdapter, Microsoft.VisualStudio.QualityTools.Tips.UnitTest.Adapter, Version=10.0.0.0, Culture=neutral, PublicKeyToken=b03f5f7f11d50a3a" className="ProjetoDeTeste.Usuario_Test, ProjetoDeTeste, Version=1.0.0.0, Culture=neutral, PublicKeyToken=null" name="AgruparPorEstado_Test" />
    </UnitTest>
  </TestDefinitions>
  <TestLists>
    <TestList name="Results Not in a List" id="8c84fa94-04c1-424b-9868-57a2d4851a1d" />
    <TestList name="All Loaded Results" id="19431567-8539-422a-85d7-44ee4e166bda" />
  </TestLists>
  <TestEntries>
    <TestEntry testId="ad8c38fc-9872-0ea3-99be-3747c9fafaad" executionId="03c61991-c598-4882-972a-89afb7aede00" testListId="8c84fa94-04c1-424b-9868-57a2d4851a1d" />
  </TestEntries>
  <Results>
    <UnitTestResult executionId="03c61991-c598-4882-972a-89afb7aede00" testId="ad8c38fc-9872-0ea3-99be-3747c9fafaad" testName="AgruparPorEstado_Test" computerName="GAG-PC" duration="00:00:56.5392479" startTime="2012-07-01T22:32:48.9678191-03:00" endTime="2012-07-01T22:33:48.4599007-03:00" testType="13cdc9d9-ddb5-4fa4-a97d-d965ccfc6d4b" outcome="Failed" testListId="8c84fa94-04c1-424b-9868-57a2d4851a1d" relativeResultsDirectory="03c61991-c598-4882-972a-89afb7aede00">
      <Output>
        <ErrorInfo>
          <Message>Test method ProjetoDeTeste.Usuario_Test.AgruparPorEstado_Test threw exception: 
System.NotSupportedException: 'DataAcess.Estatistica' is not a valid metadata type for type filtering operations. Type filtering is only valid on entity types and complex types.</Message>
          <StackTrace>    at System.Data.Objects.ELinq.ExpressionConverter.MethodCallTranslator.OfTypeTranslator.TranslateUnary(ExpressionConverter parent, DbExpression operand, MethodCallExpression call)
   at System.Data.Objects.ELinq.ExpressionConverter.MethodCallTranslator.UnarySequenceMethodTranslator.Translate(ExpressionConverter parent, MethodCallExpression call)
   at System.Data.Objects.ELinq.ExpressionConverter.MethodCallTranslator.SequenceMethodTranslator.Translate(ExpressionConverter parent, MethodCallExpression call, SequenceMethod sequenceMethod)
   at System.Data.Objects.ELinq.ExpressionConverter.MethodCallTranslator.TypedTranslate(ExpressionConverter parent, MethodCallExpression linq)
   at System.Data.Objects.ELinq.ExpressionConverter.TypedTranslator`1.Translate(ExpressionConverter parent, Expression linq)
   at System.Data.Objects.ELinq.ExpressionConverter.TranslateExpression(Expression linq)
   at System.Data.Objects.ELinq.ExpressionConverter.Convert()
   at System.Data.Objects.ELinq.ELinqQueryState.GetExecutionPlan(Nullable`1 forMergeOption)
   at System.Data.Objects.ObjectQuery`1.GetResults(Nullable`1 forMergeOption)
   at System.Data.Objects.ObjectQuery`1.System.Collections.Generic.IEnumerable&lt;T&gt;.GetEnumerator()
   at System.Collections.Generic.List`1..ctor(IEnumerable`1 collection)
   at System.Linq.Enumerable.ToList[TSource](IEnumerable`1 source)
   at DataAcess.Usuario.AgruparPorEstado() in D:\Gustavo\Dropbox\z.Trabalhos\5. Fundação Iolanda Pasca (FIP)\FIP_RC_Desing\DataAcess\Usuario.cs:line 184
   at ProjetoDeTeste.Usuario_Test.AgruparPorEstado_Test() in D:\Gustavo\Dropbox\z.Trabalhos\5. Fundação Iolanda Pasca (FIP)\FIP_RC_Desing\ProjetoDeTeste\Clases.cs:line 74
</StackTrace>
        </ErrorInfo>
      </Output>
    </UnitTestResult>
  </Results>
</TestRun>